
> LearnStream@0.0.1 build
> ng build

[33mΓ¥»[39m Building...
[32mΓ£ö[39m Building...
[1mInitial chunk files[22m  [2m | [22m[1mNames[22m               [2m | [22m [1mRaw size[22m[2m | [22m[1mEstimated transfer size[22m
[32mchunk-MLULCTM5.js[39m    [2m | [22m[2m-[22m                   [2m | [22m[36m800.22 kB[39m[2m | [22m              [36m154.13 kB[39m
[32mchunk-PGY34PD4.js[39m    [2m | [22m[2m-[22m                   [2m | [22m [36m58.49 kB[39m[2m | [22m               [36m18.96 kB[39m
[32mstyles-JQPVK2CQ.css[39m  [2m | [22m[2mstyles[22m              [2m | [22m [36m47.08 kB[39m[2m | [22m                [36m5.47 kB[39m
[32mpolyfills-TDCRLYKL.js[39m[2m | [22m[2mpolyfills[22m           [2m | [22m [36m34.65 kB[39m[2m | [22m               [36m11.33 kB[39m
[32mmain-FLOR424E.js[39m     [2m | [22m[2mmain[22m                [2m | [22m [36m12.10 kB[39m[2m | [22m                [36m3.37 kB[39m
[32mchunk-ZZ4VNCGA.js[39m    [2m | [22m[2m-[22m                   [2m | [22m [36m10.25 kB[39m[2m | [22m                [36m2.66 kB[39m
[32mchunk-42BYYQSV.js[39m    [2m | [22m[2m-[22m                   [2m | [22m  [36m9.52 kB[39m[2m | [22m                [36m3.56 kB[39m
[32mchunk-M2X7KQLB.js[39m    [2m | [22m[2m-[22m                   [2m | [22m  [36m5.80 kB[39m[2m | [22m                [36m2.14 kB[39m
[32mchunk-XO2KZLEH.js[39m    [2m | [22m[2m-[22m                   [2m | [22m  [36m2.59 kB[39m[2m | [22m                [36m1.01 kB[39m
[32mchunk-2R6CW7ES.js[39m    [2m | [22m[2m-[22m                   [2m | [22m  [36m1.38 kB[39m[2m | [22m              [36m607 bytes[39m
[32mchunk-OZYWYLNK.js[39m    [2m | [22m[2m-[22m                   [2m | [22m  [36m1.32 kB[39m[2m | [22m              [36m588 bytes[39m
[32mchunk-DVVH2KKN.js[39m    [2m | [22m[2m-[22m                   [2m | [22m  [36m1.02 kB[39m[2m | [22m                [36m1.02 kB[39m
[32mchunk-GYLY2RJE.js[39m    [2m | [22m[2m-[22m                   [2m | [22m[36m973 bytes[39m[2m | [22m              [36m973 bytes[39m
[32mchunk-Q2GNM4N3.js[39m    [2m | [22m[2m-[22m                   [2m | [22m[36m936 bytes[39m[2m | [22m              [36m936 bytes[39m
[32mchunk-LC24JGNW.js[39m    [2m | [22m[2m-[22m                   [2m | [22m[36m863 bytes[39m[2m | [22m              [36m863 bytes[39m
[32mchunk-NV3QH4JK.js[39m    [2m | [22m[2m-[22m                   [2m | [22m[36m545 bytes[39m[2m | [22m              [36m545 bytes[39m
[32mchunk-4WFVMWDK.js[39m    [2m | [22m[2m-[22m                   [2m | [22m[36m103 bytes[39m[2m | [22m              [36m103 bytes[39m
[32mchunk-42C7ZIID.js[39m    [2m | [22m[2m-[22m                   [2m | [22m [36m99 bytes[39m[2m | [22m               [36m99 bytes[39m

[1m [22m                    [2m | [22m[1mInitial total[22m       [2m | [22m[1m987.93 kB[22m[2m | [22m              [1m208.37 kB[22m

[1mLazy chunk files[22m     [2m | [22m[1mNames[22m               [2m | [22m [1mRaw size[22m[2m | [22m[1mEstimated transfer size[22m
[32mchunk-CNR2XWK7.js[39m    [2m | [22m[2mai-assistant-page[22m   [2m | [22m [36m94.01 kB[39m[2m | [22m               [36m25.54 kB[39m
[32mchunk-J4VQ4X4A.js[39m    [2m | [22m[2mdashboard-page[22m      [2m | [22m [36m55.28 kB[39m[2m | [22m               [36m10.60 kB[39m
[32mchunk-CHYJVEHM.js[39m    [2m | [22m[2madd-resource-page[22m   [2m | [22m [36m28.35 kB[39m[2m | [22m                [36m6.11 kB[39m
[32mchunk-KTXWGQB2.js[39m    [2m | [22m[2mshared-roadmap-page[22m [2m | [22m [36m23.07 kB[39m[2m | [22m                [36m5.16 kB[39m
[32mchunk-HEXEI4CB.js[39m    [2m | [22m[2m-[22m                   [2m | [22m  [36m8.13 kB[39m[2m | [22m                [36m2.88 kB[39m
[32mchunk-FUM3M5RI.js[39m    [2m | [22m[2minput-shims[22m         [2m | [22m  [36m5.10 kB[39m[2m | [22m                [36m1.98 kB[39m
[32mchunk-CS6GOAZF.js[39m    [2m | [22m[2mtabs-routes[22m         [2m | [22m  [36m1.90 kB[39m[2m | [22m              [36m741 bytes[39m
[32mchunk-F3OOJNZZ.js[39m    [2m | [22m[2mindex7[22m              [2m | [22m  [36m1.63 kB[39m[2m | [22m              [36m761 bytes[39m
[32mchunk-GCQ4TVF3.js[39m    [2m | [22m[2mfocus-visible[22m       [2m | [22m[36m952 bytes[39m[2m | [22m              [36m952 bytes[39m
[32mchunk-DRQZTIEG.js[39m    [2m | [22m[2mswipe-back[22m          [2m | [22m[36m713 bytes[39m[2m | [22m              [36m713 bytes[39m
[32mchunk-AZIRYYYM.js[39m    [2m | [22m[2mstatus-tap[22m          [2m | [22m[36m565 bytes[39m[2m | [22m              [36m565 bytes[39m
[32mchunk-G7BJ5GLV.js[39m    [2m | [22m[2mweb[22m                 [2m | [22m[36m472 bytes[39m[2m | [22m              [36m472 bytes[39m
[32mchunk-INPSHTP4.js[39m    [2m | [22m[2mkeyboard[22m            [2m | [22m[36m404 bytes[39m[2m | [22m              [36m404 bytes[39m
[32mchunk-LQUAXDDL.js[39m    [2m | [22m[2mhardware-back-button[22m[2m | [22m[36m286 bytes[39m[2m | [22m              [36m286 bytes[39m
[32mchunk-UJ2THQJS.js[39m    [2m | [22m[2mios-transition[22m      [2m | [22m[36m254 bytes[39m[2m | [22m              [36m254 bytes[39m
[2m...and 3 more lazy chunks files. Use "--verbose" to show all the files.[22m

Application bundle generation failed. [9.059 seconds] - 2025-12-02T15:55:12.175Z

node.exe : [1m[33m[33mΓû▓ [43;3
3m[[43;30mWARNING[43;33m][0m 
[1mNG8113: IonSelect is not used 
within the template of 
AddResourcePage[0m 
[1m[35m[plugin 
angular-compiler][0m
At line:1 char:1
+ & "C:\Program 
Files\nodejs/node.exe" "C:\Program 
Files\nodejs/node_mo ...
+ ~~~~~~~~~~~~~~~~~~~~~~~~~~~~~~~~~
~~~~~~~~~~~~~~~~~~~~~~~~~~~~~~~~~~~
~
    + CategoryInfo          : NotS 
   pecified: ([1m[33m[33mΓ...r  
  -compiler][0m:String) [], Rem   
 oteException
    + FullyQualifiedErrorId : Nati 
   veCommandError
 

    src/app/add-resource/add-resour
ce.page.ts:94:4:
[37m      94 Γöé     
[32mIonSelect[37m,
         Γò╡     [32m~~~~~~~~~[0m


[33mΓû▓ [43;33m[[43;30mWARNING[
43;33m][0m [1mNG8113: 
IonSelectOption is not used within 
the template of 
AddResourcePage[0m 
[1m[35m[plugin 
angular-compiler][0m

    src/app/add-resource/add-resour
ce.page.ts:95:4:
[37m      95 Γöé     
[32mIonSelectOption[37m,
         Γò╡     
[32m~~~~~~~~~~~~~~~[0m


[33mΓû▓ [43;33m[[43;30mWARNING[
43;33m][0m [1mNG8113: IonItem is 
not used within the template of 
AiAssistantPage[0m 
[1m[35m[plugin 
angular-compiler][0m

    src/app/ai-assistant/ai-assista
nt.page.ts:103:4:
[37m      103 Γöé     
[32mIonItem[37m,
          Γò╡     [32m~~~~~~~[0m


[33mΓû▓ [43;33m[[43;30mWARNING[
43;33m][0m [1mNG8113: IonCard is 
not used within the template of 
AiAssistantPage[0m 
[1m[35m[plugin 
angular-compiler][0m

    src/app/ai-assistant/ai-assista
nt.page.ts:109:4:
[37m      109 Γöé     
[32mIonCard[37m,
          Γò╡     [32m~~~~~~~[0m


[33mΓû▓ [43;33m[[43;30mWARNING[
43;33m][0m [1mNG8113: 
IonCardContent is not used within 
the template of 
AiAssistantPage[0m 
[1m[35m[plugin 
angular-compiler][0m

    src/app/ai-assistant/ai-assista
nt.page.ts:110:4:
[37m      110 Γöé     
[32mIonCardContent[37m,
          Γò╡     
[32m~~~~~~~~~~~~~~[0m


[33mΓû▓ [43;33m[[43;30mWARNING[
43;33m][0m [1mNG8113: 
IonCardHeader is not used within 
the template of 
AiAssistantPage[0m 
[1m[35m[plugin 
angular-compiler][0m

    src/app/ai-assistant/ai-assista
nt.page.ts:111:4:
[37m      111 Γöé     
[32mIonCardHeader[37m,
          Γò╡     
[32m~~~~~~~~~~~~~[0m


[33mΓû▓ [43;33m[[43;30mWARNING[
43;33m][0m [1mNG8113: 
IonCardTitle is not used within 
the template of 
AiAssistantPage[0m 
[1m[35m[plugin 
angular-compiler][0m

    src/app/ai-assistant/ai-assista
nt.page.ts:112:4:
[37m      112 Γöé     
[32mIonCardTitle[37m,
          Γò╡     
[32m~~~~~~~~~~~~[0m


[33mΓû▓ [43;33m[[43;30mWARNING[
43;33m][0m [1mNG8113: IonButton 
is not used within the template of 
NotificationToastComponent[0m 
[1m[35m[plugin 
angular-compiler][0m

    src/app/components/notification
-toast/notification-toast.component
.ts:19:35:
[37m      19 Γöé   imports: 
[CommonModule, IonIcon, 
[32mIonButton[37m],
         Γò╡                       
             [32m~~~~~~~~~[0m


[33mΓû▓ [43;33m[[43;30mWARNING[
43;33m][0m [1mNG8113: IonList is 
not used within the template of 
DashboardPage[0m [1m[35m[plugin 
angular-compiler][0m

    src/app/dashboard/dashboard.pag
e.ts:148:4:
[37m      148 Γöé     
[32mIonList[37m,
          Γò╡     [32m~~~~~~~[0m


[33mΓû▓ [43;33m[[43;30mWARNING[
43;33m][0m [1mNG8113: IonLabel 
is not used within the template of 
DashboardPage[0m [1m[35m[plugin 
angular-compiler][0m

    src/app/dashboard/dashboard.pag
e.ts:150:4:
[37m      150 Γöé     
[32mIonLabel[37m,
          Γò╡     [32m~~~~~~~~[0m


[33mΓû▓ [43;33m[[43;30mWARNING[
43;33m][0m [1mNG8113: 
IonProgressBar is not used within 
the template of DashboardPage[0m 
[1m[35m[plugin 
angular-compiler][0m

    src/app/dashboard/dashboard.pag
e.ts:152:4:
[37m      152 Γöé     
[32mIonProgressBar[37m,
          Γò╡     
[32m~~~~~~~~~~~~~~[0m


[33mΓû▓ [43;33m[[43;30mWARNING[
43;33m][0m [1mNG8113: IonCard is 
not used within the template of 
DashboardPage[0m [1m[35m[plugin 
angular-compiler][0m

    src/app/dashboard/dashboard.pag
e.ts:153:4:
[37m      153 Γöé     
[32mIonCard[37m,
          Γò╡     [32m~~~~~~~[0m


[33mΓû▓ [43;33m[[43;30mWARNING[
43;33m][0m [1mNG8113: 
IonCardHeader is not used within 
the template of DashboardPage[0m 
[1m[35m[plugin 
angular-compiler][0m

    src/app/dashboard/dashboard.pag
e.ts:154:4:
[37m      154 Γöé     
[32mIonCardHeader[37m,
          Γò╡     
[32m~~~~~~~~~~~~~[0m


[33mΓû▓ [43;33m[[43;30mWARNING[
43;33m][0m [1mNG8113: 
IonCardTitle is not used within 
the template of DashboardPage[0m 
[1m[35m[plugin 
angular-compiler][0m

    src/app/dashboard/dashboard.pag
e.ts:155:4:
[37m      155 Γöé     
[32mIonCardTitle[37m,
          Γò╡     
[32m~~~~~~~~~~~~[0m


[33mΓû▓ [43;33m[[43;30mWARNING[
43;33m][0m [1mNG8113: 
IonCardContent is not used within 
the template of DashboardPage[0m 
[1m[35m[plugin 
angular-compiler][0m

    src/app/dashboard/dashboard.pag
e.ts:156:4:
[37m      156 Γöé     
[32mIonCardContent[37m,
          Γò╡     
[32m~~~~~~~~~~~~~~[0m


[33mΓû▓ [43;33m[[43;30mWARNING[
43;33m][0m [1mNG8113: IonInput 
is not used within the template of 
DashboardPage[0m [1m[35m[plugin 
angular-compiler][0m

    src/app/dashboard/dashboard.pag
e.ts:167:4:
[37m      167 Γöé     
[32mIonInput[37m,
          Γò╡     [32m~~~~~~~~[0m


[33mΓû▓ [43;33m[[43;30mWARNING[
43;33m][0m [1mNG8113: IonHeader 
is not used within the template of 
SharedRoadmapPage[0m 
[1m[35m[plugin 
angular-compiler][0m

    src/app/shared-roadmap/shared-r
oadmap.page.ts:69:4:
[37m      69 Γöé     
[32mIonHeader[37m,
         Γò╡     [32m~~~~~~~~~[0m


[33mΓû▓ [43;33m[[43;30mWARNING[
43;33m][0m [1mNG8113: IonToolbar 
is not used within the template of 
SharedRoadmapPage[0m 
[1m[35m[plugin 
angular-compiler][0m

    src/app/shared-roadmap/shared-r
oadmap.page.ts:70:4:
[37m      70 Γöé     
[32mIonToolbar[37m,
         Γò╡     
[32m~~~~~~~~~~[0m


[33mΓû▓ [43;33m[[43;30mWARNING[
43;33m][0m [1mNG8113: IonTitle 
is not used within the template of 
SharedRoadmapPage[0m 
[1m[35m[plugin 
angular-compiler][0m

    src/app/shared-roadmap/shared-r
oadmap.page.ts:71:4:
[37m      71 Γöé     
[32mIonTitle[37m,
         Γò╡     [32m~~~~~~~~[0m


[33mΓû▓ [43;33m[[43;30mWARNING[
43;33m][0m [1mNG8113: 
IonProgressBar is not used within 
the template of 
SharedRoadmapPage[0m 
[1m[35m[plugin 
angular-compiler][0m

    src/app/shared-roadmap/shared-r
oadmap.page.ts:77:4:
[37m      77 Γöé     
[32mIonProgressBar[37m,
         Γò╡     
[32m~~~~~~~~~~~~~~[0m


[33mΓû▓ [43;33m[[43;30mWARNING[
43;33m][0m [1mThe glob pattern 
import("./**/*.entry.js*") did not 
match any files[0m [empty-glob]

    node_modules/@stencil/core/inte
rnal/client/index.js:169:2:
[37m      169 Γöé   [32m`./${bund
leId}.entry.js${BUILD5.hotModuleRep
lacement && hmrVers[37m...
          Γò╡   [32m~~~~~~~~~~~~~~
~~~~~~~~~~~~~~~~~~~~~~~~~~~~~~~~~~~
~~~~~~~~~~~~~~[0m


[33mΓû▓ [43;33m[[43;30mWARNING[
43;33m][0m [1mangular:styles/comp
onent:scss;e4693904345210bec504f7a3
e9183f23f9bd0b5e44023b9569cb8daea03
8886b;C:/Users/navro/Documents1/SDN
E/Sem4/Hybrid Mobile Application De
v/LearnStream/src/app/components/no
tification-toast/notification-toast
.component.ts exceeded maximum 
budget. Budget 2.00 kB was not met 
by 1.09 kB with a total of 3.09 
kB.[0m


[33mΓû▓ [43;33m[[43;30mWARNING[
43;33m][0m [1msrc/app/ai-assistan
t/ai-assistant.page.scss exceeded 
maximum budget. Budget 2.00 kB was 
not met by 8.18 kB with a total of 
10.18 kB.[0m


[33mΓû▓ [43;33m[[43;30mWARNING[
43;33m][0m [1msrc/app/dashboard/d
ashboard.page.scss exceeded 
maximum budget. Budget 2.00 kB was 
not met by 14.40 kB with a total 
of 16.40 kB.[0m


[33mΓû▓ [43;33m[[43;30mWARNING[
43;33m][0m [1msrc/app/shared-road
map/shared-roadmap.page.scss 
exceeded maximum budget. Budget 
2.00 kB was not met by 6.02 kB 
with a total of 8.02 kB.[0m


[33mΓû▓ [43;33m[[43;30mWARNING[
43;33m][0m [1msrc/app/add-resourc
e/add-resource.page.scss exceeded 
maximum budget. Budget 2.00 kB was 
not met by 4.72 kB with a total of 
6.72 kB.[0m


[33mΓû▓ [43;33m[[43;30mWARNING[
43;33m][0m [1mModule 'prismjs' 
used by 'src/app/ai-assistant/ai-as
sistant.page.ts' is not ESM[0m

  CommonJS or AMD dependencies can 
cause optimization bailouts.
  For more information see: [4mhtt
ps://angular.dev/tools/cli/build#co
nfiguring-commonjs-dependencies[0m


[33mΓû▓ [43;33m[[43;30mWARNING[
43;33m][0m [1mModule 'prismjs/com
ponents/prism-javascript' used by '
src/app/ai-assistant/ai-assistant.p
age.ts' is not ESM[0m

  CommonJS or AMD dependencies can 
cause optimization bailouts.
  For more information see: [4mhtt
ps://angular.dev/tools/cli/build#co
nfiguring-commonjs-dependencies[0m


[33mΓû▓ [43;33m[[43;30mWARNING[
43;33m][0m [1mModule 'prismjs/com
ponents/prism-typescript' used by '
src/app/ai-assistant/ai-assistant.p
age.ts' is not ESM[0m

  CommonJS or AMD dependencies can 
cause optimization bailouts.
  For more information see: [4mhtt
ps://angular.dev/tools/cli/build#co
nfiguring-commonjs-dependencies[0m


[33mΓû▓ [43;33m[[43;30mWARNING[
43;33m][0m [1mModule 
'prismjs/components/prism-python' 
used by 'src/app/ai-assistant/ai-as
sistant.page.ts' is not ESM[0m

  CommonJS or AMD dependencies can 
cause optimization bailouts.
  For more information see: [4mhtt
ps://angular.dev/tools/cli/build#co
nfiguring-commonjs-dependencies[0m


[33mΓû▓ [43;33m[[43;30mWARNING[
43;33m][0m [1mModule 
'prismjs/components/prism-java' 
used by 'src/app/ai-assistant/ai-as
sistant.page.ts' is not ESM[0m

  CommonJS or AMD dependencies can 
cause optimization bailouts.
  For more information see: [4mhtt
ps://angular.dev/tools/cli/build#co
nfiguring-commonjs-dependencies[0m


[33mΓû▓ [43;33m[[43;30mWARNING[
43;33m][0m [1mModule 
'prismjs/components/prism-css' 
used by 'src/app/ai-assistant/ai-as
sistant.page.ts' is not ESM[0m

  CommonJS or AMD dependencies can 
cause optimization bailouts.
  For more information see: [4mhtt
ps://angular.dev/tools/cli/build#co
nfiguring-commonjs-dependencies[0m


[33mΓû▓ [43;33m[[43;30mWARNING[
43;33m][0m [1mModule 
'prismjs/components/prism-scss' 
used by 'src/app/ai-assistant/ai-as
sistant.page.ts' is not ESM[0m

  CommonJS or AMD dependencies can 
cause optimization bailouts.
  For more information see: [4mhtt
ps://angular.dev/tools/cli/build#co
nfiguring-commonjs-dependencies[0m


[33mΓû▓ [43;33m[[43;30mWARNING[
43;33m][0m [1mModule 
'prismjs/components/prism-json' 
used by 'src/app/ai-assistant/ai-as
sistant.page.ts' is not ESM[0m

  CommonJS or AMD dependencies can 
cause optimization bailouts.
  For more information see: [4mhtt
ps://angular.dev/tools/cli/build#co
nfiguring-commonjs-dependencies[0m


[33mΓû▓ [43;33m[[43;30mWARNING[
43;33m][0m [1mModule 
'prismjs/components/prism-bash' 
used by 'src/app/ai-assistant/ai-as
sistant.page.ts' is not ESM[0m

  CommonJS or AMD dependencies can 
cause optimization bailouts.
  For more information see: [4mhtt
ps://angular.dev/tools/cli/build#co
nfiguring-commonjs-dependencies[0m


[33mΓû▓ [43;33m[[43;30mWARNING[
43;33m][0m [1mModule 
'prismjs/components/prism-sql' 
used by 'src/app/ai-assistant/ai-as
sistant.page.ts' is not ESM[0m

  CommonJS or AMD dependencies can 
cause optimization bailouts.
  For more information see: [4mhtt
ps://angular.dev/tools/cli/build#co
nfiguring-commonjs-dependencies[0m


[33mΓû▓ [43;33m[[43;30mWARNING[
43;33m][0m [1mModule 
'prismjs/components/prism-yaml' 
used by 'src/app/ai-assistant/ai-as
sistant.page.ts' is not ESM[0m

  CommonJS or AMD dependencies can 
cause optimization bailouts.
  For more information see: [4mhtt
ps://angular.dev/tools/cli/build#co
nfiguring-commonjs-dependencies[0m


[33mΓû▓ [43;33m[[43;30mWARNING[
43;33m][0m [1mModule 'prismjs/com
ponents/prism-markdown' used by 'sr
c/app/ai-assistant/ai-assistant.pag
e.ts' is not ESM[0m

  CommonJS or AMD dependencies can 
cause optimization bailouts.
  For more information see: [4mhtt
ps://angular.dev/tools/cli/build#co
nfiguring-commonjs-dependencies[0m


[33mΓû▓ [43;33m[[43;30mWARNING[
43;33m][0m [1mModule 
'prismjs/components/prism-go' used 
by 'src/app/ai-assistant/ai-assista
nt.page.ts' is not ESM[0m

  CommonJS or AMD dependencies can 
cause optimization bailouts.
  For more information see: [4mhtt
ps://angular.dev/tools/cli/build#co
nfiguring-commonjs-dependencies[0m


[33mΓû▓ [43;33m[[43;30mWARNING[
43;33m][0m [1mModule 
'prismjs/components/prism-rust' 
used by 'src/app/ai-assistant/ai-as
sistant.page.ts' is not ESM[0m

  CommonJS or AMD dependencies can 
cause optimization bailouts.
  For more information see: [4mhtt
ps://angular.dev/tools/cli/build#co
nfiguring-commonjs-dependencies[0m


[33mΓû▓ [43;33m[[43;30mWARNING[
43;33m][0m [1mModule 
'prismjs/components/prism-c' used 
by 'src/app/ai-assistant/ai-assista
nt.page.ts' is not ESM[0m

  CommonJS or AMD dependencies can 
cause optimization bailouts.
  For more information see: [4mhtt
ps://angular.dev/tools/cli/build#co
nfiguring-commonjs-dependencies[0m


[33mΓû▓ [43;33m[[43;30mWARNING[
43;33m][0m [1mModule 
'prismjs/components/prism-cpp' 
used by 'src/app/ai-assistant/ai-as
sistant.page.ts' is not ESM[0m

  CommonJS or AMD dependencies can 
cause optimization bailouts.
  For more information see: [4mhtt
ps://angular.dev/tools/cli/build#co
nfiguring-commonjs-dependencies[0m


[33mΓû▓ [43;33m[[43;30mWARNING[
43;33m][0m [1mModule 
'prismjs/components/prism-csharp' 
used by 'src/app/ai-assistant/ai-as
sistant.page.ts' is not ESM[0m

  CommonJS or AMD dependencies can 
cause optimization bailouts.
  For more information see: [4mhtt
ps://angular.dev/tools/cli/build#co
nfiguring-commonjs-dependencies[0m

[39m[22m
[1m[31m[31mX [41;31m[[41;97mER
ROR[41;31m][0m [1msrc/app/ai-ass
istant/ai-assistant.page.scss 
exceeded maximum budget. Budget 
4.00 kB was not met by 6.18 kB 
with a total of 10.18 kB.[0m


[31mX [41;31m[[41;97mERROR[41;3
1m][0m [1msrc/app/dashboard/dashb
oard.page.scss exceeded maximum 
budget. Budget 4.00 kB was not met 
by 12.40 kB with a total of 16.40 
kB.[0m


[31mX [41;31m[[41;97mERROR[41;3
1m][0m [1msrc/app/shared-roadmap/
shared-roadmap.page.scss exceeded 
maximum budget. Budget 4.00 kB was 
not met by 4.02 kB with a total of 
8.02 kB.[0m


[31mX [41;31m[[41;97mERROR[41;3
1m][0m [1msrc/app/add-resource/ad
d-resource.page.scss exceeded 
maximum budget. Budget 4.00 kB was 
not met by 2.72 kB with a total of 
6.72 kB.[0m

[39m[22m
